host=s09.hpcc.dartmouth.edu job=9412907 cpus=16 started=2026-09-14T15:28:51-04:00
[load] /dartfs/rc/lab/C/CxQiu/data/joshua/wot_data/wot_serum_only_pca.h5ad
[load] days 8.25-18  T=22  cells=22000  d=30  stride=1
[load] dtau unique: [0.25, 0.5]
[load] arms retained: {'serum': 22000}
[CMI] chain identity verified against the loaded data (cell ids + order, tau, representation hash, feasibility)
[CMI] chain eps=0.02  T=22  K grid [4, 6, 8, 12, 16, 20]  -> cfg_bd07c4fd17
[CMI] annotation anchor system 'cell_sets' (7 categories) -- reported separately; it may be far too coarse to expose transition heterogeneity
[CMI] 33 membership file(s) from /dartfs/rc/lab/C/CxQiu/data/joshua/CellStateAdj/wot_serum/expr_ablation/cfg_94ed13aa80, each with fit validity attached

[CMI] anchor system kmeans20
  scored sse_lpm0_forward_NOTSTRICT  [diagnostic only]
  scored sse_lpm0.25_forward_NOTSTRICT  [diagnostic only]
  scored sse_lpm1_forward_NOTSTRICT  [diagnostic only]
  scored sse_lpm2_forward_NOTSTRICT  [diagnostic only]
  scored sse_lpm5_forward_NOTSTRICT  [diagnostic only]
  scored sse_lpm5_reverse_NOTSTRICT  [diagnostic only]
  scored sse_lpm2_reverse_NOTSTRICT  [diagnostic only]
  scored sse_lpm1_reverse_NOTSTRICT  [diagnostic only]
  scored sse_lpm0.25_reverse_NOTSTRICT  [diagnostic only]
  scored sse_lpm0_reverse_NOTSTRICT  [diagnostic only]
  scored gaussian_lpm0_forward_NOTSTRICT  [diagnostic only]
  scored gaussian_lpm0.25_forward_NOTSTRICT  [diagnostic only]
  scored gaussian_lpm1_forward_NOTSTRICT  [diagnostic only]
  scored gaussian_lpm2_forward_NOTSTRICT  [diagnostic only]
  scored gaussian_lpm5_forward_NOTSTRICT  [diagnostic only]
  scored gaussian_lpm5_reverse_NOTSTRICT  [diagnostic only]
  scored gaussian_lpm2_reverse_NOTSTRICT  [diagnostic only]
  scored gaussian_lpm1_reverse_NOTSTRICT  [diagnostic only]
  scored gaussian_lpm0.25_reverse_NOTSTRICT  [diagnostic only]
  scored gaussian_lpm0_reverse_NOTSTRICT  [diagnostic only]
  scored none_lpm0_forward_NOTSTRICT  [diagnostic only]
  scored none_lpm0.25_forward_NOTSTRICT  [diagnostic only]
  scored none_lpm1_forward_NOTSTRICT  [diagnostic only]
  scored none_lpm2_forward_NOTSTRICT_NONCONVERGED  [diagnostic only]
  scored none_lpm5_forward_NOTSTRICT_NONCONVERGED  [diagnostic only]
  scored none_lpm5_reverse_NOTSTRICT  [diagnostic only]
  scored none_lpm2_reverse_NOTSTRICT  [diagnostic only]
  scored none_lpm1_reverse_NOTSTRICT  [diagnostic only]
  scored none_lpm0.25_reverse_NOTSTRICT  [diagnostic only]
  scored none_lpm0_reverse_NOTSTRICT  [diagnostic only]
  scored sse_lpm0_baseline  [diagnostic only]
  scored gaussian_lpm0_baseline  [diagnostic only]
  scored none_lpm0_baseline  [diagnostic only]

[CMI] anchor system kmeans40
  scored sse_lpm0_forward_NOTSTRICT  [diagnostic only]
  scored sse_lpm0.25_forward_NOTSTRICT  [diagnostic only]
  scored sse_lpm1_forward_NOTSTRICT  [diagnostic only]
  scored sse_lpm2_forward_NOTSTRICT  [diagnostic only]
  scored sse_lpm5_forward_NOTSTRICT  [diagnostic only]
  scored sse_lpm5_reverse_NOTSTRICT  [diagnostic only]
  scored sse_lpm2_reverse_NOTSTRICT  [diagnostic only]
  scored sse_lpm1_reverse_NOTSTRICT  [diagnostic only]
  scored sse_lpm0.25_reverse_NOTSTRICT  [diagnostic only]
  scored sse_lpm0_reverse_NOTSTRICT  [diagnostic only]
  scored gaussian_lpm0_forward_NOTSTRICT  [diagnostic only]
  scored gaussian_lpm0.25_forward_NOTSTRICT  [diagnostic only]
  scored gaussian_lpm1_forward_NOTSTRICT  [diagnostic only]
  scored gaussian_lpm2_forward_NOTSTRICT  [diagnostic only]
  scored gaussian_lpm5_forward_NOTSTRICT  [diagnostic only]
  scored gaussian_lpm5_reverse_NOTSTRICT  [diagnostic only]
  scored gaussian_lpm2_reverse_NOTSTRICT  [diagnostic only]
  scored gaussian_lpm1_reverse_NOTSTRICT  [diagnostic only]
  scored gaussian_lpm0.25_reverse_NOTSTRICT  [diagnostic only]
  scored gaussian_lpm0_reverse_NOTSTRICT  [diagnostic only]
  scored none_lpm0_forward_NOTSTRICT  [diagnostic only]
  scored none_lpm0.25_forward_NOTSTRICT  [diagnostic only]
  scored none_lpm1_forward_NOTSTRICT  [diagnostic only]
  scored none_lpm2_forward_NOTSTRICT_NONCONVERGED  [diagnostic only]
  scored none_lpm5_forward_NOTSTRICT_NONCONVERGED  [diagnostic only]
  scored none_lpm5_reverse_NOTSTRICT  [diagnostic only]
  scored none_lpm2_reverse_NOTSTRICT  [diagnostic only]
  scored none_lpm1_reverse_NOTSTRICT  [diagnostic only]
  scored none_lpm0.25_reverse_NOTSTRICT  [diagnostic only]
  scored none_lpm0_reverse_NOTSTRICT  [diagnostic only]
  scored sse_lpm0_baseline  [diagnostic only]
  scored gaussian_lpm0_baseline  [diagnostic only]
  scored none_lpm0_baseline  [diagnostic only]

[CMI] anchor system kmeans80
  scored sse_lpm0_forward_NOTSTRICT  [diagnostic only]
  scored sse_lpm0.25_forward_NOTSTRICT  [diagnostic only]
  scored sse_lpm1_forward_NOTSTRICT  [diagnostic only]
  scored sse_lpm2_forward_NOTSTRICT  [diagnostic only]
  scored sse_lpm5_forward_NOTSTRICT  [diagnostic only]
  scored sse_lpm5_reverse_NOTSTRICT  [diagnostic only]
  scored sse_lpm2_reverse_NOTSTRICT  [diagnostic only]
  scored sse_lpm1_reverse_NOTSTRICT  [diagnostic only]
  scored sse_lpm0.25_reverse_NOTSTRICT  [diagnostic only]
  scored sse_lpm0_reverse_NOTSTRICT  [diagnostic only]
  scored gaussian_lpm0_forward_NOTSTRICT  [diagnostic only]
  scored gaussian_lpm0.25_forward_NOTSTRICT  [diagnostic only]
  scored gaussian_lpm1_forward_NOTSTRICT  [diagnostic only]
  scored gaussian_lpm2_forward_NOTSTRICT  [diagnostic only]
  scored gaussian_lpm5_forward_NOTSTRICT  [diagnostic only]
  scored gaussian_lpm5_reverse_NOTSTRICT  [diagnostic only]
  scored gaussian_lpm2_reverse_NOTSTRICT  [diagnostic only]
  scored gaussian_lpm1_reverse_NOTSTRICT  [diagnostic only]
  scored gaussian_lpm0.25_reverse_NOTSTRICT  [diagnostic only]
  scored gaussian_lpm0_reverse_NOTSTRICT  [diagnostic only]
  scored none_lpm0_forward_NOTSTRICT  [diagnostic only]
  scored none_lpm0.25_forward_NOTSTRICT  [diagnostic only]
  scored none_lpm1_forward_NOTSTRICT  [diagnostic only]
  scored none_lpm2_forward_NOTSTRICT_NONCONVERGED  [diagnostic only]
  scored none_lpm5_forward_NOTSTRICT_NONCONVERGED  [diagnostic only]
  scored none_lpm5_reverse_NOTSTRICT  [diagnostic only]
  scored none_lpm2_reverse_NOTSTRICT  [diagnostic only]
  scored none_lpm1_reverse_NOTSTRICT  [diagnostic only]
  scored none_lpm0.25_reverse_NOTSTRICT  [diagnostic only]
  scored none_lpm0_reverse_NOTSTRICT  [diagnostic only]
  scored sse_lpm0_baseline  [diagnostic only]
  scored gaussian_lpm0_baseline  [diagnostic only]
  scored none_lpm0_baseline  [diagnostic only]

[CMI] anchor system annotation:cell_sets
  scored sse_lpm0_forward_NOTSTRICT  [diagnostic only]
  scored sse_lpm0.25_forward_NOTSTRICT  [diagnostic only]
  scored sse_lpm1_forward_NOTSTRICT  [diagnostic only]
  scored sse_lpm2_forward_NOTSTRICT  [diagnostic only]
  scored sse_lpm5_forward_NOTSTRICT  [diagnostic only]
  scored sse_lpm5_reverse_NOTSTRICT  [diagnostic only]
  scored sse_lpm2_reverse_NOTSTRICT  [diagnostic only]
  scored sse_lpm1_reverse_NOTSTRICT  [diagnostic only]
  scored sse_lpm0.25_reverse_NOTSTRICT  [diagnostic only]
  scored sse_lpm0_reverse_NOTSTRICT  [diagnostic only]
  scored gaussian_lpm0_forward_NOTSTRICT  [diagnostic only]
  scored gaussian_lpm0.25_forward_NOTSTRICT  [diagnostic only]
  scored gaussian_lpm1_forward_NOTSTRICT  [diagnostic only]
  scored gaussian_lpm2_forward_NOTSTRICT  [diagnostic only]
  scored gaussian_lpm5_forward_NOTSTRICT  [diagnostic only]
  scored gaussian_lpm5_reverse_NOTSTRICT  [diagnostic only]
  scored gaussian_lpm2_reverse_NOTSTRICT  [diagnostic only]
  scored gaussian_lpm1_reverse_NOTSTRICT  [diagnostic only]
  scored gaussian_lpm0.25_reverse_NOTSTRICT  [diagnostic only]
  scored gaussian_lpm0_reverse_NOTSTRICT  [diagnostic only]
  scored none_lpm0_forward_NOTSTRICT  [diagnostic only]
  scored none_lpm0.25_forward_NOTSTRICT  [diagnostic only]
  scored none_lpm1_forward_NOTSTRICT  [diagnostic only]
  scored none_lpm2_forward_NOTSTRICT_NONCONVERGED  [diagnostic only]
  scored none_lpm5_forward_NOTSTRICT_NONCONVERGED  [diagnostic only]
  scored none_lpm5_reverse_NOTSTRICT  [diagnostic only]
  scored none_lpm2_reverse_NOTSTRICT  [diagnostic only]
  scored none_lpm1_reverse_NOTSTRICT  [diagnostic only]
  scored none_lpm0.25_reverse_NOTSTRICT  [diagnostic only]
  scored none_lpm0_reverse_NOTSTRICT  [diagnostic only]
  scored sse_lpm0_baseline  [diagnostic only]
  scored gaussian_lpm0_baseline  [diagnostic only]
  scored none_lpm0_baseline  [diagnostic only]

[CMI] forward, other-batch subset, kmeans20 anchors -- complexity vs sufficiency (PRIMARY rows only):
            candidate  K   k_eff   rate  min_state_mass    cmi  i_cell_anchor  retained  n_retained_nan
 expression_kmeans_K4  4  3.6113 1.2820          0.0460 1.0250         1.8618    0.4561               0
 expression_kmeans_K6  6  5.1814 1.6425          0.0140 0.8691         1.8618    0.5407               0
 expression_kmeans_K8  8  6.7271 1.9020          0.0080 0.7661         1.8618    0.5940               0
expression_kmeans_K12 12  9.6021 2.2596          0.0000 0.6494         1.8618    0.6538               0
expression_kmeans_K16 16 13.2913 2.5839          0.0000 0.5734         1.8618    0.6936               0
expression_kmeans_K20 20 15.8104 2.7577          0.0000 0.5322         1.8618    0.7154               0

[CMI] ORACLE CEILING (fingerprint clustering -- its scoring target is in its own features; NOT a predictive baseline):
             candidate  K   k_eff   rate  min_state_mass    cmi  i_cell_anchor  retained  n_retained_nan
 fingerprint_kmeans_K4  4  3.4777 1.2399          0.0280 1.0683         1.8618    0.4449               0
 fingerprint_kmeans_K6  6  5.2052 1.6435          0.0400 0.8922         1.8618    0.5369               0
 fingerprint_kmeans_K8  8  7.1130 1.9606          0.0260 0.7148         1.8618    0.6236               0
fingerprint_kmeans_K12 12 10.3632 2.3364          0.0060 0.5597         1.8618    0.7037               0
fingerprint_kmeans_K16 16 13.9416 2.6339          0.0040 0.4477         1.8618    0.7602               0
fingerprint_kmeans_K20 20 16.9542 2.8295          0.0040 0.3911         1.8618    0.7897               0

[CMI] 51408 row(s) excluded from primary comparison (not strictly converged, or failed the upper-bound audit, or unvalidated) -> diagnostic_excluded.csv

[CMI] Compare rows only at MATCHED rate / k_eff. A lower CMI at a higher rate is not an improvement.

[CMI] wrote /dartfs/rc/lab/C/CxQiu/data/joshua/CellStateAdj/wot_serum/cmi_compare/cfg_bd07c4fd17
