host=s28.hpcc.dartmouth.edu job=9370477 cpus=32 started=2026-09-06T13:03:07-04:00
[load] /dartfs/rc/lab/C/CxQiu/data/joshua/wot_data/wot_serum_first_run_pca.h5ad
[load] days 0-18  T=39  cells=38817  d=30  stride=1
[load] dtau unique: [0.25, 0.5]
[load] arms retained: {'serum': 22000, 'shared': 16817}
[scan] native global cost scale = 581.45
[scan] epsilon grid = [0.002, 0.005, 0.01, 0.02, 0.05, 0.1, 0.2, 0.5, 1.0, 2.0, 5.0]
[scan] conditioning scale for float64 is max(C)/eps ~ 708.4; max normalised cost 1.02-32.52, median nearest-neighbour cost 0.030-0.376 over 38 intervals
[scan] this is a CONDITIONING WARNING, not a feasibility bound -- admissibility is decided by the measured marginal_error / feasible columns, not by this table
  eps=0.002   max(C)/eps=    16261  35/38 intervals ill-conditioned; nearest-neighbour cost/eps max=   188.2  <-- expect slow convergence
  eps=0.005   max(C)/eps=     6504  26/38 intervals ill-conditioned; nearest-neighbour cost/eps max=    75.3  <-- expect slow convergence
  eps=0.01    max(C)/eps=     3252  18/38 intervals ill-conditioned; nearest-neighbour cost/eps max=    37.6  <-- expect slow convergence
  eps=0.02    max(C)/eps=     1626  13/38 intervals ill-conditioned; nearest-neighbour cost/eps max=    18.8  <-- expect slow convergence
  eps=0.05    max(C)/eps=      650   0/38 intervals ill-conditioned; nearest-neighbour cost/eps max=     7.5
  eps=0.1     max(C)/eps=      325   0/38 intervals ill-conditioned; nearest-neighbour cost/eps max=     3.8
  eps=0.2     max(C)/eps=      163   0/38 intervals ill-conditioned; nearest-neighbour cost/eps max=     1.9
  eps=0.5     max(C)/eps=       65   0/38 intervals ill-conditioned; nearest-neighbour cost/eps max=     0.8
  eps=1       max(C)/eps=       33   0/38 intervals ill-conditioned; nearest-neighbour cost/eps max=     0.4
  eps=2       max(C)/eps=       16   0/38 intervals ill-conditioned; nearest-neighbour cost/eps max=     0.2
  eps=5       max(C)/eps=        7   0/38 intervals ill-conditioned; nearest-neighbour cost/eps max=     0.1

[scan] stride=1: T=39 intervals=38 dtau 0.25-0.5 d
[eps-scan] interval 0 (tau 0->0.5, dtau=0.5) n=1000x1000 nnz=1000000 kappa=None cost_scale=581
[eps-scan] interval 1 (tau 0.5->1, dtau=0.5) n=1000x1000 nnz=1000000 kappa=None cost_scale=581
[eps-scan] interval 2 (tau 1->1.5, dtau=0.5) n=1000x817 nnz=817000 kappa=None cost_scale=581
[eps-scan] interval 3 (tau 1.5->2, dtau=0.5) n=817x1000 nnz=817000 kappa=None cost_scale=581
[eps-scan] interval 4 (tau 2->2.5, dtau=0.5) n=1000x1000 nnz=1000000 kappa=None cost_scale=581
[eps-scan] interval 5 (tau 2.5->3, dtau=0.5) n=1000x1000 nnz=1000000 kappa=None cost_scale=581
[eps-scan] interval 6 (tau 3->3.5, dtau=0.5) n=1000x1000 nnz=1000000 kappa=None cost_scale=581
[eps-scan] interval 7 (tau 3.5->4, dtau=0.5) n=1000x1000 nnz=1000000 kappa=None cost_scale=581
[eps-scan] interval 8 (tau 4->4.5, dtau=0.5) n=1000x1000 nnz=1000000 kappa=None cost_scale=581
[eps-scan] interval 9 (tau 4.5->5, dtau=0.5) n=1000x1000 nnz=1000000 kappa=None cost_scale=581
[eps-scan] interval 10 (tau 5->5.5, dtau=0.5) n=1000x1000 nnz=1000000 kappa=None cost_scale=581
[eps-scan] interval 11 (tau 5.5->6, dtau=0.5) n=1000x1000 nnz=1000000 kappa=None cost_scale=581
[eps-scan] interval 12 (tau 6->6.5, dtau=0.5) n=1000x1000 nnz=1000000 kappa=None cost_scale=581
[eps-scan] interval 13 (tau 6.5->7, dtau=0.5) n=1000x1000 nnz=1000000 kappa=None cost_scale=581
[eps-scan] interval 14 (tau 7->7.5, dtau=0.5) n=1000x1000 nnz=1000000 kappa=None cost_scale=581
[eps-scan] interval 15 (tau 7.5->8, dtau=0.5) n=1000x1000 nnz=1000000 kappa=None cost_scale=581
[eps-scan] interval 16 (tau 8->8.25, dtau=0.25) n=1000x1000 nnz=1000000 kappa=None cost_scale=581
[eps-scan] interval 17 (tau 8.25->8.5, dtau=0.25) n=1000x1000 nnz=1000000 kappa=None cost_scale=581
[eps-scan] interval 18 (tau 8.5->8.75, dtau=0.25) n=1000x1000 nnz=1000000 kappa=None cost_scale=581
[eps-scan] interval 19 (tau 8.75->9, dtau=0.25) n=1000x1000 nnz=1000000 kappa=None cost_scale=581
[eps-scan] interval 20 (tau 9->9.5, dtau=0.5) n=1000x1000 nnz=1000000 kappa=None cost_scale=581
[eps-scan] interval 21 (tau 9.5->10, dtau=0.5) n=1000x1000 nnz=1000000 kappa=None cost_scale=581
[eps-scan] interval 22 (tau 10->10.5, dtau=0.5) n=1000x1000 nnz=1000000 kappa=None cost_scale=581
[eps-scan] interval 23 (tau 10.5->11, dtau=0.5) n=1000x1000 nnz=1000000 kappa=None cost_scale=581
[eps-scan] interval 24 (tau 11->11.5, dtau=0.5) n=1000x1000 nnz=1000000 kappa=None cost_scale=581
[eps-scan] interval 25 (tau 11.5->12, dtau=0.5) n=1000x1000 nnz=1000000 kappa=None cost_scale=581
[eps-scan] interval 26 (tau 12->12.5, dtau=0.5) n=1000x1000 nnz=1000000 kappa=None cost_scale=581
[eps-scan] interval 27 (tau 12.5->13, dtau=0.5) n=1000x1000 nnz=1000000 kappa=None cost_scale=581
[eps-scan] interval 28 (tau 13->13.5, dtau=0.5) n=1000x1000 nnz=1000000 kappa=None cost_scale=581
[eps-scan] interval 29 (tau 13.5->14, dtau=0.5) n=1000x1000 nnz=1000000 kappa=None cost_scale=581
[eps-scan] interval 30 (tau 14->14.5, dtau=0.5) n=1000x1000 nnz=1000000 kappa=None cost_scale=581
[eps-scan] interval 31 (tau 14.5->15, dtau=0.5) n=1000x1000 nnz=1000000 kappa=None cost_scale=581
[eps-scan] interval 32 (tau 15->15.5, dtau=0.5) n=1000x1000 nnz=1000000 kappa=None cost_scale=581
[eps-scan] interval 33 (tau 15.5->16, dtau=0.5) n=1000x1000 nnz=1000000 kappa=None cost_scale=581
[eps-scan] interval 34 (tau 16->16.5, dtau=0.5) n=1000x1000 nnz=1000000 kappa=None cost_scale=581
[eps-scan] interval 35 (tau 16.5->17, dtau=0.5) n=1000x1000 nnz=1000000 kappa=None cost_scale=581
[eps-scan] interval 36 (tau 17->17.5, dtau=0.5) n=1000x1000 nnz=1000000 kappa=None cost_scale=581
[eps-scan] interval 37 (tau 17.5->18, dtau=0.5) n=1000x1000 nnz=1000000 kappa=None cost_scale=581
[scan] stride=1 done in 231.4 min
[scan] recommendation: {'window': None, 'epsilon_star': None, 'unevaluated': {'stability_resample': {'n_intervals': 38, 'per_epsilon': {'0.002': [19, 21, 23, 24, 25, 26, 27, 28, 29, 30, 31, 32, 33, 34, 35, 36, 37], '0.005': [25, 26, 27, 28, 29, 31, 32, 33, 34, 35, 36, 37], '0.01': [35, 36]}}, 'stability_cost': {'n_intervals': 38, 'per_epsilon': {'0.002': [19, 22, 24, 25, 26, 27, 28, 29, 30, 31, 32, 33, 34, 35, 36, 37], '0.005': [27, 28, 29, 30, 31, 32, 33, 34, 35, 36, 37]}}}, 'reason': "no epsilon satisfies all criteria -- the informative window may not exist at this spacing (note: ['stability_cost', 'stability_resample'] had unevaluated intervals and were counted as failures; see 'unevaluated' for which epsilons and intervals)"}
  I_cell_normalized       0.9048  0.8126  0.7000  0.5661  0.3872  0.2694  0.1775  0.0935  0.0481  0.0193  0.0035
  I_fingerprint_plus      2.9256  2.6965  2.4309  2.0994  1.6139  1.2578  0.9351  0.5572  0.3002  0.1233  0.0226
  stability_resample      0.3367  0.5190  0.5446  0.6454  0.7234  0.7299  0.6675  0.5770  0.5226  0.4194  0.2204
  stability_cost          0.8250  0.9151  0.9568  0.9804  0.9945  0.9980  0.9991  0.9995  0.9995  0.9995  0.9994
  feasible                1.0000  1.0000  1.0000  1.0000  1.0000  1.0000  1.0000  1.0000  1.0000  1.0000  1.0000

[scan] stride=2: T=20 intervals=19 dtau 0.5-1 d
[eps-scan] interval 0 (tau 0->1, dtau=1) n=1000x1000 nnz=1000000 kappa=None cost_scale=581
[eps-scan] interval 1 (tau 1->2, dtau=1) n=1000x1000 nnz=1000000 kappa=None cost_scale=581
[eps-scan] interval 2 (tau 2->3, dtau=1) n=1000x1000 nnz=1000000 kappa=None cost_scale=581
[eps-scan] interval 3 (tau 3->4, dtau=1) n=1000x1000 nnz=1000000 kappa=None cost_scale=581
[eps-scan] interval 4 (tau 4->5, dtau=1) n=1000x1000 nnz=1000000 kappa=None cost_scale=581
[eps-scan] interval 5 (tau 5->6, dtau=1) n=1000x1000 nnz=1000000 kappa=None cost_scale=581
[eps-scan] interval 6 (tau 6->7, dtau=1) n=1000x1000 nnz=1000000 kappa=None cost_scale=581
[eps-scan] interval 7 (tau 7->8, dtau=1) n=1000x1000 nnz=1000000 kappa=None cost_scale=581
[eps-scan] interval 8 (tau 8->8.5, dtau=0.5) n=1000x1000 nnz=1000000 kappa=None cost_scale=581
[eps-scan] interval 9 (tau 8.5->9, dtau=0.5) n=1000x1000 nnz=1000000 kappa=None cost_scale=581
[eps-scan] interval 10 (tau 9->10, dtau=1) n=1000x1000 nnz=1000000 kappa=None cost_scale=581
[eps-scan] interval 11 (tau 10->11, dtau=1) n=1000x1000 nnz=1000000 kappa=None cost_scale=581
[eps-scan] interval 12 (tau 11->12, dtau=1) n=1000x1000 nnz=1000000 kappa=None cost_scale=581
[eps-scan] interval 13 (tau 12->13, dtau=1) n=1000x1000 nnz=1000000 kappa=None cost_scale=581
[eps-scan] interval 14 (tau 13->14, dtau=1) n=1000x1000 nnz=1000000 kappa=None cost_scale=581
[eps-scan] interval 15 (tau 14->15, dtau=1) n=1000x1000 nnz=1000000 kappa=None cost_scale=581
[eps-scan] interval 16 (tau 15->16, dtau=1) n=1000x1000 nnz=1000000 kappa=None cost_scale=581
[eps-scan] interval 17 (tau 16->17, dtau=1) n=1000x1000 nnz=1000000 kappa=None cost_scale=581
[eps-scan] interval 18 (tau 17->18, dtau=1) n=1000x1000 nnz=1000000 kappa=None cost_scale=581
[scan] stride=2 done in 94.5 min
[scan] recommendation: {'window': None, 'epsilon_star': None, 'unevaluated': {'stability_resample': {'n_intervals': 19, 'per_epsilon': {'0.002': [13, 14, 15, 16, 17, 18]}}, 'stability_cost': {'n_intervals': 19, 'per_epsilon': {'0.002': [13, 14, 15, 16, 17, 18]}}}, 'reason': "no epsilon satisfies all criteria -- the informative window may not exist at this spacing (note: ['stability_cost', 'stability_resample'] had unevaluated intervals and were counted as failures; see 'unevaluated' for which epsilons and intervals)"}
  I_cell_normalized       0.8367  0.6920  0.5545  0.4165  0.2591  0.1696  0.1052  0.0454  0.0182  0.0053  0.0007
  I_fingerprint_plus      2.7368  2.3850  2.0417  1.6725  1.2048  0.8898  0.6109  0.2841  0.1165  0.0340  0.0044
  stability_resample      0.4321  0.5132  0.6214  0.6773  0.6837  0.6134  0.5722  0.4969  0.3918  0.2691  0.0593
  stability_cost          0.8036  0.9049  0.9517  0.9776  0.9941  0.9977  0.9987  0.9989  0.9988  0.9988  0.9987
  feasible                1.0000  1.0000  1.0000  1.0000  1.0000  1.0000  1.0000  1.0000  1.0000  1.0000  1.0000

[scan] wrote /dartfs/rc/lab/C/CxQiu/data/joshua/CellStateAdj/wot_serum/eps_scan
[scan] NOTE: no epsilon satisfied every criterion at stride 1. Read the curves before choosing one for Stage C -- this is the result the build order exists to surface, not a crash.
