host=s17.hpcc.dartmouth.edu job=9377375 cpus=32 started=2026-09-07T14:20:25-04:00
[device] auto -> cpu
[load] /dartfs/rc/lab/C/CxQiu/data/joshua/wot_data/wot_serum_first_run_pca.h5ad
[load] days 8.25-18  T=22  cells=22000  d=30  stride=1
[load] dtau unique: [0.25, 0.5]
[load] arms retained: {'serum': 22000}

[sweep] /dartfs/rc/lab/C/CxQiu/data/joshua/CellStateAdj/wot_serum/lambda_sweep_3d54e22087_K8_grid
[sweep] K=8 epsilon=0.2 lambdas=[0.0, 1.0, 5.0]
  cost_scale_mode=global scale=1574
  [interval 0] dtau=0.25 nnz=536930 kappa=400 iters=40 marg_err=2.64e-08
  [interval 1] dtau=0.25 nnz=514599 kappa=400 iters=50 marg_err=1.50e-08
  [interval 2] dtau=0.25 nnz=519653 kappa=400 iters=50 marg_err=9.27e-09
  [interval 3] dtau=0.5 nnz=520311 kappa=400 iters=70 marg_err=1.48e-08
  [interval 4] dtau=0.5 nnz=507772 kappa=400 iters=60 marg_err=6.42e-09
  [interval 5] dtau=0.5 nnz=533934 kappa=400 iters=50 marg_err=3.06e-08
  [interval 6] dtau=0.5 nnz=533816 kappa=400 iters=50 marg_err=6.23e-08
  [interval 7] dtau=0.5 nnz=534698 kappa=400 iters=70 marg_err=1.22e-08
  [interval 8] dtau=0.5 nnz=533041 kappa=400 iters=80 marg_err=4.50e-08
  [interval 9] dtau=0.5 nnz=524235 kappa=400 iters=150 marg_err=4.78e-08
  [interval 10] dtau=0.5 nnz=529599 kappa=400 iters=140 marg_err=9.28e-08
  [interval 11] dtau=0.5 nnz=543997 kappa=400 iters=2640 marg_err=9.94e-08
  [interval 12] dtau=0.5 nnz=542030 kappa=400 iters=1470 marg_err=9.90e-08
  [interval 13] dtau=0.5 nnz=535745 kappa=400 iters=170 marg_err=5.04e-08
  [interval 14] dtau=0.5 nnz=537594 kappa=400 iters=230 marg_err=6.99e-08
  [interval 15] dtau=0.5 nnz=527962 kappa=400 iters=150 marg_err=7.25e-08
  [interval 16] dtau=0.5 nnz=522398 kappa=400 iters=150 marg_err=6.31e-08
  [interval 17] dtau=0.5 nnz=527170 kappa=400 iters=160 marg_err=7.83e-08
  [interval 18] dtau=0.5 nnz=528324 kappa=400 iters=130 marg_err=5.20e-08
  [interval 19] dtau=0.5 nnz=522288 kappa=400 iters=6450 marg_err=9.99e-08
  [interval 20] dtau=0.5 nnz=535248 kappa=400 iters=210 marg_err=6.33e-08
[sweep] grid: 4 lambda_x x 3 lambda_pm = 12 fits

[sweep] lambda_x=1 lambda_pm=0 ...
[sweep] lx=1 lpm=0: status=converged L=115.2259 | shares comp 0.10 x 0.90 pm 0.00 | Keff=7.05 min_g=1.5e-02 ARI_vs_0=1.000 (24.5 min)

[sweep] lambda_x=1 lambda_pm=1 ...
[sweep] lx=1 lpm=1: status=converged L=120.9940 | shares comp 0.09 x 0.86 pm 0.05 | Keff=7.04 min_g=1.6e-02 ARI_vs_0=0.981 (33.8 min)

[sweep] lambda_x=1 lambda_pm=5 ...
[sweep] lx=1 lpm=5: status=converged L=145.6268 | shares comp 0.08 x 0.72 pm 0.21 | Keff=7.04 min_g=1.5e-02 ARI_vs_0=0.973 (2.9 min)

[sweep] lambda_x=0.3 lambda_pm=0 ...
[sweep] lx=0.3 lpm=0: status=converged L=41.8666 | shares comp 0.25 x 0.75 pm 0.00 | Keff=7.05 min_g=1.6e-02 ARI_vs_0=1.000 (23.3 min)

[sweep] lambda_x=0.3 lambda_pm=1 ...
[sweep] lx=0.3 lpm=1: status=converged L=48.1628 | shares comp 0.23 x 0.65 pm 0.12 | Keff=7.05 min_g=1.5e-02 ARI_vs_0=0.948 (10.6 min)

[sweep] lambda_x=0.3 lambda_pm=5 ...
[sweep] lx=0.3 lpm=5: status=converged L=77.3338 | shares comp 0.16 x 0.42 pm 0.42 | Keff=6.57 min_g=4.5e-27 ARI_vs_0=0.822 (20.1 min)

[sweep] lambda_x=0.1 lambda_pm=0 ...
[sweep] lx=0.1 lpm=0: status=max_iter L=20.4703 | shares comp 0.48 x 0.52 pm 0.00 | Keff=7.09 min_g=1.8e-02 ARI_vs_0=1.000 (22.2 min)

[sweep] lambda_x=0.1 lambda_pm=1 ...
[sweep] lx=0.1 lpm=1: status=converged L=27.5661 | shares comp 0.41 x 0.38 pm 0.21 | Keff=7.05 min_g=1.6e-02 ARI_vs_0=0.862 (17.1 min)

[sweep] lambda_x=0.1 lambda_pm=5 ...
[sweep] lx=0.1 lpm=5: status=converged L=56.6240 | shares comp 0.49 x 0.51 pm 0.00 | Keff=7.84 min_g=6.8e-02 ARI_vs_0=-0.005 (40.9 min)

[sweep] lambda_x=0.03 lambda_pm=0 ...
[sweep] lx=0.03 lpm=0: status=max_iter L=12.8390 | shares comp 0.75 x 0.25 pm 0.00 | Keff=7.10 min_g=1.9e-02 ARI_vs_0=1.000 (17.7 min)

[sweep] lambda_x=0.03 lambda_pm=1 ...
[sweep] lx=0.03 lpm=1: status=converged L=20.1867 | shares comp 0.56 x 0.16 pm 0.29 | Keff=7.06 min_g=1.6e-02 ARI_vs_0=0.813 (21.9 min)

[sweep] lambda_x=0.03 lambda_pm=5 ...
[sweep] lx=0.03 lpm=5: status=converged L=36.2751 | shares comp 0.76 x 0.24 pm 0.00 | Keff=7.99 min_g=1.1e-01 ARI_vs_0=-0.002 (26.3 min)

[sweep] verdict: {
  "collapse_frac": 0.8,
  "gate_1": "transport share >= expression share (else the fit is k-means)",
  "gate_2": "lambda_pm moved memberships (ARI vs lambda_pm=0 at the same lambda_x < 0.99) without K_eff falling below collapse_frac of its lambda_pm=0 value, and the fit converged",
  "n_error_cells": 0,
  "error_cells": [],
  "lambda_x_where_transport_competes": [
    0.03,
    0.1
  ],
  "usable_cells": [
    {
      "lambda_x": 0.03,
      "lambda_pm": 1.0,
      "ari_vs_lambda0": 0.8131165030089768,
      "k_eff_mean": 7.06235840103843,
      "k_eff_floor": 5.678704088384455
    },
    {
      "lambda_x": 0.03,
      "lambda_pm": 5.0,
      "ari_vs_lambda0": -0.0016316138035630603,
      "k_eff_mean": 7.994555841792714,
      "k_eff_floor": 5.678704088384455
    },
    {
      "lambda_x": 0.1,
      "lambda_pm": 1.0,
      "ari_vs_lambda0": 0.8616097919234403,
      "k_eff_mean": 7.053806651722301,
      "k_eff_floor": 5.671778349442916
    },
    {
      "lambda_x": 0.1,
      "lambda_pm": 5.0,
      "ari_vs_lambda0": -0.005051507195843665,
      "k_eff_mean": 7.836881745945323,
      "k_eff_floor": 5.671778349442916
    }
  ],
  "conclusion": "4 usable cell(s): [{'lambda_x': 0.03, 'lambda_pm': 1.0, 'ari_vs_lambda0': 0.8131165030089768, 'k_eff_mean': 7.06235840103843, 'k_eff_floor': 5.678704088384455}, {'lambda_x': 0.03, 'lambda_pm': 5.0, 'ari_vs_lambda0': -0.0016316138035630603, 'k_eff_mean': 7.994555841792714, 'k_eff_floor': 5.678704088384455}, {'lambda_x': 0.1, 'lambda_pm': 1.0, 'ari_vs_lambda0': 0.8616097919234403, 'k_eff_mean': 7.053806651722301, 'k_eff_floor': 5.671778349442916}, {'lambda_x': 0.1, 'lambda_pm': 5.0, 'ari_vs_lambda0': -0.005051507195843665, 'k_eff_mean': 7.836881745945323, 'k_eff_floor': 5.671778349442916}]. Report across them, not at one point."
}
[sweep] wrote /dartfs/rc/lab/C/CxQiu/data/joshua/CellStateAdj/wot_serum/lambda_sweep_3d54e22087_K8_grid
